{"ch1.node.check-host.net":[{"A":["52.202.139.0"],"AAAA":[],"TTL":3599}],"at1.node.check-host.net":[{"TTL":3599,"A":["52.202.139.0"],"AAAA":[]}],"vn1.node.check-host.net":[{"AAAA":[],"A":["52.202.139.0"],"TTL":3599}],"de1.node.check-host.net":[{"TTL":3511,"AAAA":[],"A":["52.202.139.0"]}],"be1.node.check-host.net":[{"AAAA":[],"A":["52.202.139.0"],"TTL":3510}],"us5.node.check-host.net":[{"AAAA":[],"A":["52.202.139.0"],"TTL":3510}],"lt1.node.check-host.net":[{"A":["52.202.139.0"],"AAAA":[],"TTL":3599}],"ru1.node.check-host.net":[{"TTL":3521,"AAAA":[],"A":["52.202.139.0"]}],"ee1.node.check-host.net":[{"TTL":3600,"AAAA":[],"A":["52.202.139.0"]}],"it9.node.check-host.net":[{"TTL":3511,"A":["52.202.139.0"],"AAAA":[]}]}
