{"request_id":"2aef942k4e6","ok":1,"nodes":{"se2.node.check-host.net":["se","Sweden","Stockholm","185.29.8.135","AS60567"],"uk1.node.check-host.net":["gb","United Kingdom","London","185.81.113.195","AS61046"],"nl1.node.check-host.net":["nl","Netherlands","Amsterdam","31.148.219.169","AS14576"],"ru1.node.check-host.net":["ru","Russian Federation","Moscow","185.159.82.225","AS14576"],"ua1.node.check-host.net":["ua","Ukraine","Khmelnytskyi","95.46.98.26","AS201094"],"md1.node.check-host.net":["md","Moldova","Chisinau","178.17.171.235","AS43289"],"ca2.node.check-host.net":["ca","Canada","Toronto","5.149.253.121","AS201525"],"pt2.node.check-host.net":["pt","Portugal","Oporto","176.221.34.58","AS8426"],"us5.node.check-host.net":["us","United States","Atlanta","192.40.57.144","AS46562"],"ch1.node.check-host.net":["ch","Switzerland","Zurich","179.43.148.195","AS50837"]},"permanent_link":"https:\/\/check-host.net\/check-report\/2aef942k4e6"}
