{"dns_results": {"ua": {"domain": "www.ip-echelon.com", "country_id": "ua", "AAAA": [], "A": ["52.202.139.0"]}, "lt": {"domain": "www.ip-echelon.com", "country_id": "lt", "AAAA": [], "A": ["52.202.139.0"]}, "ch": {"domain": "www.ip-echelon.com", "country_id": "ch", "AAAA": [], "A": ["52.202.139.0"]}, "vn": {"domain": "www.ip-echelon.com", "country_id": "vn", "AAAA": [], "A": []}, "gb": {"domain": "www.ip-echelon.com", "country_id": "gb", "AAAA": [], "A": ["52.202.139.0"]}, "be": {"domain": "www.ip-echelon.com", "country_id": "be", "AAAA": [], "A": ["52.202.139.0"]}, "it": {"domain": "www.ip-echelon.com", "country_id": "it", "AAAA": [], "A": ["52.202.139.0"]}, "at": {"domain": "www.ip-echelon.com", "country_id": "at", "AAAA": [], "A": ["52.202.139.0"]}, "ca": {"domain": "www.ip-echelon.com", "country_id": "ca", "AAAA": [], "A": []}, "md": {"domain": "www.ip-echelon.com", "country_id": "md", "AAAA": [], "A": ["52.202.139.0"]}}, "geog_results": {"52.202.139.0": {"country": {"name": "Australia", "iso3166_code_2": "AU", "iso3166_code_3": ""}, "isp": {"name": "Symbio Networks"}, "city": {"timezone_db": "Australia/Melbourne", "name": "Melbourne"}, "time": 1494555429, "connection_speed": {"name": "Cable/DSL"}, "ip": "203.122.134.12", "id": 8738991, "continent": {"code": "OC", "name": "Oceania"}, "region": {"name": "Victoria", "iso3166_code_2": "VIC"}, "organisation": {"name": "InterNex Australia Pty"}, "geospatial": {"postcode_end": "3000", "postcode_start": "3000", "accuracy_radius": 500, "latitude": -37.8139, "longitude": 144.9634}}}}