{"ca": {"A": ["199.102.231.240"], "domain": "visualmediaperu.com", "country_id": "ca", "AAAA": []}, "gb": {"A": ["199.102.231.240"], "domain": "visualmediaperu.com", "country_id": "gb", "AAAA": []}, "lv": {"A": ["199.102.231.240"], "domain": "visualmediaperu.com", "country_id": "lv", "AAAA": []}, "ua": {"A": ["199.102.231.240"], "domain": "visualmediaperu.com", "country_id": "ua", "AAAA": []}, "nl": {"A": ["199.102.231.240"], "domain": "visualmediaperu.com", "country_id": "nl", "AAAA": []}, "md": {"A": [], "domain": "visualmediaperu.com", "country_id": "md", "AAAA": []}, "vn": {"A": [], "domain": "visualmediaperu.com", "country_id": "vn", "AAAA": []}, "ru": {"A": ["199.102.231.240"], "domain": "visualmediaperu.com", "country_id": "ru", "AAAA": []}, "pt": {"A": ["199.102.231.240"], "domain": "visualmediaperu.com", "country_id": "pt", "AAAA": []}}