{"ip":"203.122.134.12","time":1494555429,"id":8738991,"country":{"iso3166_code_2":"AU","iso3166_code_3":"","name":"Australia"},"continent":{"code":"OC","name":"Oceania"},"region":{"iso3166_code_2":"VIC","name":"Victoria"},"city":{"name":"Melbourne","timezone_db":"Australia/Melbourne"},"geospatial":{"latitude":-37.8139,"longitude":144.9634,"accuracy_radius":500,"postcode_start":"3000","postcode_end":"3000"},"isp":{"name":"Symbio Networks"},"connection_speed":{"name":"Cable/DSL"},"organisation":{"name":"InterNex Australia Pty"}}
